WARNING: A restricted method in java.lang.System has been called
WARNING: java.lang.System::load has been called by org.fusesource.jansi.internal.JansiLoader in an unnamed module (file:/C:/Users/tacov/.m2/wrapper/dists/apache-maven-3.9.6/0f95e7798d182e3371f3fee6d8202d3a56e6d71dfd3a2402139882ef2fbe7476/lib/jansi-2.4.0.jar)
WARNING: Use --enable-native-access=ALL-UNNAMED to avoid a warning for callers in this module
WARNING: Restricted methods will be blocked in a future release unless native access is enabled

WARNING: A terminally deprecated method in sun.misc.Unsafe has been called
WARNING: sun.misc.Unsafe::objectFieldOffset has been called by com.google.common.util.concurrent.AbstractFuture$UnsafeAtomicHelper (file:/C:/Users/tacov/.m2/wrapper/dists/apache-maven-3.9.6/0f95e7798d182e3371f3fee6d8202d3a56e6d71dfd3a2402139882ef2fbe7476/lib/guava-32.0.1-jre.jar)
WARNING: Please consider reporting this to the maintainers of class com.google.common.util.concurrent.AbstractFuture$UnsafeAtomicHelper
WARNING: sun.misc.Unsafe::objectFieldOffset will be removed in a future release

  .   ____          _            __ _ _
 /\\ / ___'_ __ _ _(_)_ __  __ _ \ \ \ \
( ( )\___ | '_ | '_| | '_ \/ _` | \ \ \ \
 \\/  ___)| |_)| | | | | || (_| |  ) ) ) )
  '  |____| .__|_| |_|_| |_\__, | / / / /
 =========|_|==============|___/=/_/_/_/

 :: Spring Boot ::                (v4.1.1)

2026-09-19T23:30:34.427-05:00  INFO 11112 --- [ceramax] [           main] com.ceramax.ceramax.CeramaxApplication   : Starting CeramaxApplication using Java 25.0.2 with PID 11112 (D:\integradorII\bugs\backend-ceramax\target\classes started by Aaron in D:\integradorII\bugs\backend-ceramax)
2026-09-19T23:30:34.431-05:00  INFO 11112 --- [ceramax] [           main] com.ceramax.ceramax.CeramaxApplication   : No active profile set, falling back to 1 default profile: "default"
2026-09-19T23:30:35.907-05:00  INFO 11112 --- [ceramax] [           main] .s.d.r.c.RepositoryConfigurationDelegate : Bootstrapping Spring Data JPA repositories in DEFAULT mode.
2026-09-19T23:30:36.133-05:00  INFO 11112 --- [ceramax] [           main] .s.d.r.c.RepositoryConfigurationDelegate : Finished Spring Data repository scanning in 215 ms. Found 39 JPA repository interfaces.
2026-09-19T23:30:37.152-05:00  INFO 11112 --- [ceramax] [           main] o.s.boot.tomcat.TomcatWebServer          : Tomcat initialized with port 8090 (http)
2026-09-19T23:30:37.168-05:00  INFO 11112 --- [ceramax] [           main] o.apache.catalina.core.StandardService   : Starting service [Tomcat]
2026-09-19T23:30:37.168-05:00  INFO 11112 --- [ceramax] [           main] o.apache.catalina.core.StandardEngine    : Starting Servlet engine: [Apache Tomcat/11.0.24]
2026-09-19T23:30:37.240-05:00  INFO 11112 --- [ceramax] [           main] b.w.c.s.WebApplicationContextInitializer : Root WebApplicationContext: initialization completed in 2753 ms
2026-09-19T23:30:37.722-05:00  INFO 11112 --- [ceramax] [           main] org.hibernate.orm.jpa                    : HHH008540: Processing PersistenceUnitInfo [name: default]
2026-09-19T23:30:37.774-05:00  INFO 11112 --- [ceramax] [           main] org.hibernate.orm.core                   : HHH000001: Hibernate ORM core version 7.4.5.Final
2026-09-19T23:30:38.238-05:00  INFO 11112 --- [ceramax] [           main] o.s.o.j.p.SpringPersistenceUnitInfo      : No LoadTimeWeaver setup: ignoring JPA class transformer
2026-09-19T23:30:38.273-05:00  INFO 11112 --- [ceramax] [           main] com.zaxxer.hikari.HikariDataSource       : CeramaxPool - Starting...
2026-09-19T23:30:41.221-05:00  INFO 11112 --- [ceramax] [           main] com.zaxxer.hikari.pool.HikariPool        : CeramaxPool - Added connection org.postgresql.jdbc.PgConnection@31f5ffb9
2026-09-19T23:30:41.223-05:00  INFO 11112 --- [ceramax] [           main] com.zaxxer.hikari.HikariDataSource       : CeramaxPool - Start completed.
2026-09-19T23:30:41.399-05:00  WARN 11112 --- [ceramax] [           main] org.hibernate.orm.deprecation            : HHH90000025: PostgreSQLDialect does not need to be specified explicitly using 'hibernate.dialect' (remove the property setting and it will be selected by default)
2026-09-19T23:30:42.328-05:00  INFO 11112 --- [ceramax] [           main] org.hibernate.orm.connections.pooling    : HHH10001005: Database info:
	Database JDBC URL [jdbc:postgresql://ep-flat-bread-a5ag6l9d-pooler.us-east-2.aws.neon.tech/ceramax?sslmode=require]
	Database driver: PostgreSQL JDBC Driver
	Database dialect: PostgreSQLDialect
	Database version: 18.6
	Default catalog/schema: ceramax/public
	Autocommit mode: undefined/unknown
	Isolation level: READ_COMMITTED [default READ_COMMITTED]
	JDBC fetch size: none
	Pool: DataSourceConnectionProvider
	Minimum pool size: undefined/unknown
	Maximum pool size: undefined/unknown
2026-09-19T23:30:44.073-05:00  INFO 11112 --- [ceramax] [           main] org.hibernate.orm.core                   : HHH000489: No JTA platform available (set 'hibernate.transaction.jta.platform' to enable JTA platform integration)
2026-09-19T23:30:44.078-05:00  INFO 11112 --- [ceramax] [           main] org.hibernate.orm.jdbc.batch             : HHH100501: Automatic JDBC statement batching enabled (maximum batch size 25)
2026-09-19T23:30:44.081-05:00  INFO 11112 --- [ceramax] [           main] j.LocalContainerEntityManagerFactoryBean : Initialized JPA EntityManagerFactory for persistence unit 'default'
2026-09-19T23:30:44.204-05:00  INFO 11112 --- [ceramax] [           main] o.s.d.j.r.query.QueryEnhancerFactories   : Hibernate is in classpath; If applicable, HQL parser will be used.
2026-09-19T23:30:48.836-05:00  INFO 11112 --- [ceramax] [           main] o.s.b.a.e.web.EndpointLinksResolver      : Exposing 3 endpoints beneath base path '/actuator'
2026-09-19T23:30:48.963-05:00  INFO 11112 --- [ceramax] [           main] o.s.boot.tomcat.TomcatWebServer          : Tomcat started on port 8090 (http) with context path '/'
2026-09-19T23:30:48.977-05:00  INFO 11112 --- [ceramax] [           main] com.ceramax.ceramax.CeramaxApplication   : Started CeramaxApplication in 15.007 seconds (process running for 15.504)
2026-09-19T23:30:56.732-05:00  INFO 11112 --- [ceramax] [nio-8090-exec-1] o.a.c.c.C.[Tomcat].[localhost].[/]       : Initializing Spring DispatcherServlet 'dispatcherServlet'
2026-09-19T23:30:56.733-05:00  INFO 11112 --- [ceramax] [nio-8090-exec-1] o.s.web.servlet.DispatcherServlet        : Initializing Servlet 'dispatcherServlet'
2026-09-19T23:30:56.735-05:00  INFO 11112 --- [ceramax] [nio-8090-exec-1] o.s.web.servlet.DispatcherServlet        : Completed initialization in 2 ms
2026-09-19T23:31:06.445-05:00  WARN 11112 --- [ceramax] [nio-8090-exec-7] ration$PageModule$WarningLoggingModifier : Serializing PageImpl instances as-is is not supported, meaning that there is no guarantee about the stability of the resulting JSON structure!
	For a stable JSON structure, please use Spring Data's PagedModel (globally via @EnableSpringDataWebSupport(pageSerializationMode = VIA_DTO))
	or Spring HATEOAS and Spring Data's PagedResourcesAssembler as documented in https://docs.spring.io/spring-data/commons/reference/repositories/core-extensions.html#core.web.pageables.

[ERROR] Failed to execute goal org.springframework.boot:spring-boot-maven-plugin:4.1.1:run (default-cli) on project ceramax: Process terminated with exit code: -1 -> [Help 1]
[ERROR] 
[ERROR] To see the full stack trace of the errors, re-run Maven with the -e switch.
[ERROR] Re-run Maven using the -X switch to enable full debug logging.
[ERROR] 
[ERROR] For more information about the errors and possible solutions, please read the following articles:
[ERROR] [Help 1] http://cwiki.apache.org/confluence/display/MAVEN/MojoExecutionException
